[2025-11-19T12:00:01.170Z] Starting newzbot XMTP agent...
[2025-11-19T12:00:01.170Z] XMTP environment: dev
[2025-11-19T12:00:01.170Z] Feed URL: https://hnrss.org/frontpage
[2025-11-19T12:00:01.216Z] Created new wallet and saved private key to /home/pierce/projects/newz-bot/newzbot.key
[2025-11-19T12:00:03.445Z] Agent online. Address: 0x2c90da19047d182662738291e64423a7e5b9548d
[2025-11-19T12:00:03.446Z] Agent has started; entering feed loop.
[2025-11-19T12:00:03.446Z] Starting feed loop. URL=https://hnrss.org/frontpage intervalMs=5000
[2025-11-19T12:17:10.217Z] [collector] Starting collection for 1 feed(s).
[2025-11-19T12:17:10.219Z] [collector] Collecting from feed: https://hnrss.org/frontpage
[2025-11-19T12:17:10.867Z] [collector] Feed https://hnrss.org/frontpage: 20 items seen, 20 new in DB.
[2025-11-19T12:17:10.868Z] [collector] Collection complete. Total new items: 20.
============================================================
newz.bot collector run: 2025-11-19T04:33:23-08:00
Working directory: /home/pierce/projects/newz-bot
Node version: v23.9.0
[2025-11-19T12:33:23.467Z] [collector] Starting collection for 10 feed(s).
[2025-11-19T12:33:23.467Z] [collector] Starting collection for 10 feed(s).
[2025-11-19T12:33:23.468Z] [collector] Collecting from feed: https://rss.apnews.com/apf-topnews
[2025-11-19T12:33:23.468Z] [collector] Collecting from feed: https://rss.apnews.com/apf-topnews
[2025-11-19T12:33:23.548Z] [collector] Error collecting from https://rss.apnews.com/apf-topnews: getaddrinfo ENOTFOUND rss.apnews.com
[2025-11-19T12:33:23.548Z] [collector] Error collecting from https://rss.apnews.com/apf-topnews: getaddrinfo ENOTFOUND rss.apnews.com
[2025-11-19T12:33:23.548Z] [collector] Collecting from feed: https://feeds.reuters.com/reuters/worldNews
[2025-11-19T12:33:23.548Z] [collector] Collecting from feed: https://feeds.reuters.com/reuters/worldNews
[2025-11-19T12:33:23.582Z] [collector] Error collecting from https://feeds.reuters.com/reuters/worldNews: getaddrinfo ENOTFOUND feeds.reuters.com
[2025-11-19T12:33:23.582Z] [collector] Error collecting from https://feeds.reuters.com/reuters/worldNews: getaddrinfo ENOTFOUND feeds.reuters.com
[2025-11-19T12:33:23.582Z] [collector] Collecting from feed: http://feeds.bbci.co.uk/news/world/rss.xml
[2025-11-19T12:33:23.582Z] [collector] Collecting from feed: http://feeds.bbci.co.uk/news/world/rss.xml
[2025-11-19T12:33:23.764Z] [collector] Feed http://feeds.bbci.co.uk/news/world/rss.xml: 30 items seen, 30 new in DB.
[2025-11-19T12:33:23.764Z] [collector] Feed http://feeds.bbci.co.uk/news/world/rss.xml: 30 items seen, 30 new in DB.
[2025-11-19T12:33:23.764Z] [collector] Collecting from feed: https://feeds.npr.org/1001/rss.xml
[2025-11-19T12:33:23.764Z] [collector] Collecting from feed: https://feeds.npr.org/1001/rss.xml
[2025-11-19T12:33:23.881Z] [collector] Feed https://feeds.npr.org/1001/rss.xml: 10 items seen, 10 new in DB.
[2025-11-19T12:33:23.881Z] [collector] Feed https://feeds.npr.org/1001/rss.xml: 10 items seen, 10 new in DB.
[2025-11-19T12:33:23.881Z] [collector] Collecting from feed: https://www.aljazeera.com/xml/rss/all.xml
[2025-11-19T12:33:23.881Z] [collector] Collecting from feed: https://www.aljazeera.com/xml/rss/all.xml
[2025-11-19T12:33:23.962Z] [collector] Feed https://www.aljazeera.com/xml/rss/all.xml: 25 items seen, 25 new in DB.
[2025-11-19T12:33:23.962Z] [collector] Feed https://www.aljazeera.com/xml/rss/all.xml: 25 items seen, 25 new in DB.
[2025-11-19T12:33:23.962Z] [collector] Collecting from feed: https://www.theguardian.com/world/rss
[2025-11-19T12:33:23.962Z] [collector] Collecting from feed: https://www.theguardian.com/world/rss
[2025-11-19T12:33:24.060Z] [collector] Feed https://www.theguardian.com/world/rss: 45 items seen, 45 new in DB.
[2025-11-19T12:33:24.060Z] [collector] Feed https://www.theguardian.com/world/rss: 45 items seen, 45 new in DB.
[2025-11-19T12:33:24.060Z] [collector] Collecting from feed: https://feeds.skynews.com/feeds/rss/world.xml
[2025-11-19T12:33:24.060Z] [collector] Collecting from feed: https://feeds.skynews.com/feeds/rss/world.xml
[2025-11-19T12:33:24.366Z] [collector] Feed https://feeds.skynews.com/feeds/rss/world.xml: 10 items seen, 10 new in DB.
[2025-11-19T12:33:24.366Z] [collector] Feed https://feeds.skynews.com/feeds/rss/world.xml: 10 items seen, 10 new in DB.
[2025-11-19T12:33:24.366Z] [collector] Collecting from feed: https://rss.dw.com/rdf/rss-en-world
[2025-11-19T12:33:24.366Z] [collector] Collecting from feed: https://rss.dw.com/rdf/rss-en-world
[2025-11-19T12:33:24.915Z] [collector] Feed https://rss.dw.com/rdf/rss-en-world: 11 items seen, 11 new in DB.
[2025-11-19T12:33:24.915Z] [collector] Feed https://rss.dw.com/rdf/rss-en-world: 11 items seen, 11 new in DB.
[2025-11-19T12:33:24.915Z] [collector] Collecting from feed: https://www.cbc.ca/cmlink/rss-topstories
[2025-11-19T12:33:24.915Z] [collector] Collecting from feed: https://www.cbc.ca/cmlink/rss-topstories
[2025-11-19T12:33:25.132Z] [collector] Feed https://www.cbc.ca/cmlink/rss-topstories: 20 items seen, 20 new in DB.
[2025-11-19T12:33:25.132Z] [collector] Feed https://www.cbc.ca/cmlink/rss-topstories: 20 items seen, 20 new in DB.
[2025-11-19T12:33:25.132Z] [collector] Collecting from feed: https://hnrss.org/frontpage
[2025-11-19T12:33:25.132Z] [collector] Collecting from feed: https://hnrss.org/frontpage
[2025-11-19T12:33:25.577Z] [collector] Feed https://hnrss.org/frontpage: 20 items seen, 2 new in DB.
[2025-11-19T12:33:25.577Z] [collector] Feed https://hnrss.org/frontpage: 20 items seen, 2 new in DB.
[2025-11-19T12:33:25.577Z] [collector] Collection complete. Total new items: 153.
[2025-11-19T12:33:25.577Z] [collector] Collection complete. Total new items: 153.
============================================================
newz.bot agent start: 2025-11-19T04:34:14-08:00
Working directory: /home/pierce/projects/newz-bot
Node version: v23.9.0
Launching XMTP agent (tail -f /home/pierce/projects/newz-bot/newzbot.log to monitor)...
node:internal/modules/cjs/loader:668
      throw e;
      ^

Error [ERR_PACKAGE_PATH_NOT_EXPORTED]: No "exports" main defined in /home/pierce/projects/newz-bot/node_modules/@xmtp/agent-sdk/package.json
    at exportsNotFound (node:internal/modules/esm/resolve:314:10)
    at packageExportsResolve (node:internal/modules/esm/resolve:604:13)
    at resolveExports (node:internal/modules/cjs/loader:661:36)
    at Function._findPath (node:internal/modules/cjs/loader:753:31)
    at Function._resolveFilename (node:internal/modules/cjs/loader:1391:27)
    at defaultResolveImpl (node:internal/modules/cjs/loader:1061:19)
    at resolveForCJSWithHooks (node:internal/modules/cjs/loader:1066:22)
    at Function._load (node:internal/modules/cjs/loader:1215:37)
    at TracingChannel.traceSync (node:diagnostics_channel:322:14)
    at wrapModuleLoad (node:internal/modules/cjs/loader:235:24) {
  code: 'ERR_PACKAGE_PATH_NOT_EXPORTED'
}

Node.js v23.9.0
[2025-11-19T12:40:27.152Z] [collector] Starting collection for 10 feed(s).
[2025-11-19T12:40:27.154Z] [collector] Collecting from feed: http://feeds.bbci.co.uk/news/world/rss.xml
[2025-11-19T12:40:27.371Z] [collector] Feed http://feeds.bbci.co.uk/news/world/rss.xml: 30 items seen, 0 new in DB.
[2025-11-19T12:40:27.371Z] [collector] Collecting from feed: https://feeds.npr.org/1001/rss.xml
[2025-11-19T12:40:27.477Z] [collector] Feed https://feeds.npr.org/1001/rss.xml: 10 items seen, 1 new in DB.
[2025-11-19T12:40:27.477Z] [collector] Collecting from feed: https://feeds.reuters.com/reuters/worldNews
[2025-11-19T12:40:27.564Z] [collector] Error collecting from https://feeds.reuters.com/reuters/worldNews: getaddrinfo ENOTFOUND feeds.reuters.com
[2025-11-19T12:40:27.564Z] [collector] Collecting from feed: https://feeds.skynews.com/feeds/rss/world.xml
[2025-11-19T12:40:27.886Z] [collector] Feed https://feeds.skynews.com/feeds/rss/world.xml: 10 items seen, 0 new in DB.
[2025-11-19T12:40:27.886Z] [collector] Collecting from feed: https://hnrss.org/frontpage
[2025-11-19T12:40:28.344Z] [collector] Feed https://hnrss.org/frontpage: 20 items seen, 0 new in DB.
[2025-11-19T12:40:28.344Z] [collector] Collecting from feed: https://rss.apnews.com/apf-topnews
[2025-11-19T12:40:28.401Z] [collector] Error collecting from https://rss.apnews.com/apf-topnews: getaddrinfo ENOTFOUND rss.apnews.com
[2025-11-19T12:40:28.401Z] [collector] Collecting from feed: https://rss.dw.com/rdf/rss-en-world
[2025-11-19T12:40:29.215Z] [collector] Feed https://rss.dw.com/rdf/rss-en-world: 11 items seen, 2 new in DB.
[2025-11-19T12:40:29.215Z] [collector] Collecting from feed: https://www.aljazeera.com/xml/rss/all.xml
[2025-11-19T12:40:29.341Z] [collector] Feed https://www.aljazeera.com/xml/rss/all.xml: 25 items seen, 0 new in DB.
[2025-11-19T12:40:29.341Z] [collector] Collecting from feed: https://www.cbc.ca/cmlink/rss-topstories
[2025-11-19T12:40:29.575Z] [collector] Feed https://www.cbc.ca/cmlink/rss-topstories: 20 items seen, 0 new in DB.
[2025-11-19T12:40:29.575Z] [collector] Collecting from feed: https://www.theguardian.com/world/rss
[2025-11-19T12:40:29.670Z] [collector] Feed https://www.theguardian.com/world/rss: 45 items seen, 0 new in DB.
[2025-11-19T12:40:29.670Z] [collector] Collection complete. Total new items: 3.
============================================================
newz.bot collector run: 2025-11-19T04:48:27-08:00
Working directory: /home/pierce/projects/newz-bot
Node version: v23.9.0
[2025-11-19T12:48:27.816Z] [collector] Starting collection for 10 feed(s).
[2025-11-19T12:48:27.816Z] [collector] Starting collection for 10 feed(s).
[2025-11-19T12:48:27.817Z] [collector] Collecting from feed: http://feeds.bbci.co.uk/news/world/rss.xml
[2025-11-19T12:48:27.817Z] [collector] Collecting from feed: http://feeds.bbci.co.uk/news/world/rss.xml
[2025-11-19T12:48:28.007Z] [collector] Feed http://feeds.bbci.co.uk/news/world/rss.xml: 30 items seen, 0 new in DB.
[2025-11-19T12:48:28.007Z] [collector] Feed http://feeds.bbci.co.uk/news/world/rss.xml: 30 items seen, 0 new in DB.
[2025-11-19T12:48:28.008Z] [collector] Collecting from feed: https://feeds.npr.org/1001/rss.xml
[2025-11-19T12:48:28.008Z] [collector] Collecting from feed: https://feeds.npr.org/1001/rss.xml
[2025-11-19T12:48:28.093Z] [collector] Feed https://feeds.npr.org/1001/rss.xml: 10 items seen, 0 new in DB.
[2025-11-19T12:48:28.093Z] [collector] Feed https://feeds.npr.org/1001/rss.xml: 10 items seen, 0 new in DB.
[2025-11-19T12:48:28.094Z] [collector] Collecting from feed: https://feeds.reuters.com/reuters/worldNews
[2025-11-19T12:48:28.094Z] [collector] Collecting from feed: https://feeds.reuters.com/reuters/worldNews
[2025-11-19T12:48:28.140Z] [collector] Error collecting from https://feeds.reuters.com/reuters/worldNews: getaddrinfo ENOTFOUND feeds.reuters.com
[2025-11-19T12:48:28.140Z] [collector] Error collecting from https://feeds.reuters.com/reuters/worldNews: getaddrinfo ENOTFOUND feeds.reuters.com
[2025-11-19T12:48:28.141Z] [collector] Collecting from feed: https://feeds.skynews.com/feeds/rss/world.xml
[2025-11-19T12:48:28.141Z] [collector] Collecting from feed: https://feeds.skynews.com/feeds/rss/world.xml
[2025-11-19T12:48:28.447Z] [collector] Feed https://feeds.skynews.com/feeds/rss/world.xml: 10 items seen, 0 new in DB.
[2025-11-19T12:48:28.447Z] [collector] Feed https://feeds.skynews.com/feeds/rss/world.xml: 10 items seen, 0 new in DB.
[2025-11-19T12:48:28.447Z] [collector] Collecting from feed: https://hnrss.org/frontpage
[2025-11-19T12:48:28.447Z] [collector] Collecting from feed: https://hnrss.org/frontpage
[2025-11-19T12:48:28.883Z] [collector] Feed https://hnrss.org/frontpage: 20 items seen, 0 new in DB.
[2025-11-19T12:48:28.883Z] [collector] Feed https://hnrss.org/frontpage: 20 items seen, 0 new in DB.
[2025-11-19T12:48:28.883Z] [collector] Collecting from feed: https://rss.apnews.com/apf-topnews
[2025-11-19T12:48:28.883Z] [collector] Collecting from feed: https://rss.apnews.com/apf-topnews
[2025-11-19T12:48:28.917Z] [collector] Error collecting from https://rss.apnews.com/apf-topnews: getaddrinfo ENOTFOUND rss.apnews.com
[2025-11-19T12:48:28.917Z] [collector] Error collecting from https://rss.apnews.com/apf-topnews: getaddrinfo ENOTFOUND rss.apnews.com
[2025-11-19T12:48:28.917Z] [collector] Collecting from feed: https://rss.dw.com/rdf/rss-en-world
[2025-11-19T12:48:28.917Z] [collector] Collecting from feed: https://rss.dw.com/rdf/rss-en-world
[2025-11-19T12:48:29.702Z] [collector] Feed https://rss.dw.com/rdf/rss-en-world: 11 items seen, 0 new in DB.
[2025-11-19T12:48:29.702Z] [collector] Feed https://rss.dw.com/rdf/rss-en-world: 11 items seen, 0 new in DB.
[2025-11-19T12:48:29.702Z] [collector] Collecting from feed: https://www.aljazeera.com/xml/rss/all.xml
[2025-11-19T12:48:29.702Z] [collector] Collecting from feed: https://www.aljazeera.com/xml/rss/all.xml
[2025-11-19T12:48:29.801Z] [collector] Feed https://www.aljazeera.com/xml/rss/all.xml: 25 items seen, 0 new in DB.
[2025-11-19T12:48:29.801Z] [collector] Feed https://www.aljazeera.com/xml/rss/all.xml: 25 items seen, 0 new in DB.
[2025-11-19T12:48:29.802Z] [collector] Collecting from feed: https://www.cbc.ca/cmlink/rss-topstories
[2025-11-19T12:48:29.802Z] [collector] Collecting from feed: https://www.cbc.ca/cmlink/rss-topstories
[2025-11-19T12:48:30.008Z] [collector] Feed https://www.cbc.ca/cmlink/rss-topstories: 20 items seen, 0 new in DB.
[2025-11-19T12:48:30.008Z] [collector] Feed https://www.cbc.ca/cmlink/rss-topstories: 20 items seen, 0 new in DB.
[2025-11-19T12:48:30.009Z] [collector] Collecting from feed: https://www.theguardian.com/world/rss
[2025-11-19T12:48:30.009Z] [collector] Collecting from feed: https://www.theguardian.com/world/rss
[2025-11-19T12:48:30.478Z] [collector] Feed https://www.theguardian.com/world/rss: 45 items seen, 1 new in DB.
[2025-11-19T12:48:30.478Z] [collector] Feed https://www.theguardian.com/world/rss: 45 items seen, 1 new in DB.
[2025-11-19T12:48:30.478Z] [collector] Collection complete. Total new items: 1.
[2025-11-19T12:48:30.478Z] [collector] Collection complete. Total new items: 1.
============================================================
newz.bot agent start: 2025-11-19T04:56:18-08:00
Working directory: /home/pierce/projects/newz-bot
Node version: v23.9.0
Launching XMTP agent (tail -f /home/pierce/projects/newz-bot/newzbot.log to monitor)...
node:internal/modules/cjs/loader:668
      throw e;
      ^

Error [ERR_PACKAGE_PATH_NOT_EXPORTED]: No "exports" main defined in /home/pierce/projects/newz-bot/node_modules/@xmtp/agent-sdk/package.json
    at exportsNotFound (node:internal/modules/esm/resolve:314:10)
    at packageExportsResolve (node:internal/modules/esm/resolve:604:13)
    at resolveExports (node:internal/modules/cjs/loader:661:36)
    at Function._findPath (node:internal/modules/cjs/loader:753:31)
    at Function._resolveFilename (node:internal/modules/cjs/loader:1391:27)
    at defaultResolveImpl (node:internal/modules/cjs/loader:1061:19)
    at resolveForCJSWithHooks (node:internal/modules/cjs/loader:1066:22)
    at Function._load (node:internal/modules/cjs/loader:1215:37)
    at TracingChannel.traceSync (node:diagnostics_channel:322:14)
    at wrapModuleLoad (node:internal/modules/cjs/loader:235:24) {
  code: 'ERR_PACKAGE_PATH_NOT_EXPORTED'
}

Node.js v23.9.0
============================================================
newz.bot agent start: 2025-11-19T04:57:06-08:00
Working directory: /home/pierce/projects/newz-bot
Node version: v23.9.0
Launching XMTP agent (tail -f /home/pierce/projects/newz-bot/newzbot.log to monitor)...
node:internal/modules/esm/resolve:314
  return new ERR_PACKAGE_PATH_NOT_EXPORTED(
         ^

Error [ERR_PACKAGE_PATH_NOT_EXPORTED]: No "exports" main defined in /home/pierce/projects/newz-bot/node_modules/@xmtp/agent-sdk/package.json
    at exportsNotFound (node:internal/modules/esm/resolve:314:10)
    at packageExportsResolve (node:internal/modules/esm/resolve:604:13)
    at resolveExports (node:internal/modules/cjs/loader:661:36)
    at Function._findPath (node:internal/modules/cjs/loader:753:31)
    at Function._resolveFilename (node:internal/modules/cjs/loader:1391:27)
    at defaultResolveImpl (node:internal/modules/cjs/loader:1061:19)
    at resolveForCJSWithHooks (node:internal/modules/cjs/loader:1066:22)
    at Function._load (node:internal/modules/cjs/loader:1215:37)
    at TracingChannel.traceSync (node:diagnostics_channel:322:14)
    at wrapModuleLoad (node:internal/modules/cjs/loader:235:24) {
  code: 'ERR_PACKAGE_PATH_NOT_EXPORTED'
}

Node.js v23.9.0
============================================================
newz.bot agent start: 2025-11-19T04:58:49-08:00
Working directory: /home/pierce/projects/newz-bot
Node version: v23.9.0
Launching XMTP agent (tail -f /home/pierce/projects/newz-bot/newzbot.log to monitor)...
[2025-11-19T12:58:50.330Z] Starting newzbot XMTP agent (runtime)...
[2025-11-19T12:58:50.330Z] Starting newzbot XMTP agent (runtime)...
[2025-11-19T12:58:50.331Z] XMTP environment: production
[2025-11-19T12:58:50.331Z] XMTP environment: production
[2025-11-19T12:58:50.331Z] Using existing key at /home/pierce/projects/newz-bot/newzbot.key
[2025-11-19T12:58:50.331Z] Using existing key at /home/pierce/projects/newz-bot/newzbot.key
[2025-11-19T12:58:50.777Z] Fatal error: api client error api client at endpoint "get_inbox_ids" has error status: 'Some resource has been exhausted', self: "1 exceeds rate limit R50.126.86.250DEF", metadata: {"content-type": "application/grpc"}
[2025-11-19T12:58:50.777Z] Fatal error: api client error api client at endpoint "get_inbox_ids" has error status: 'Some resource has been exhausted', self: "1 exceeds rate limit R50.126.86.250DEF", metadata: {"content-type": "application/grpc"}
============================================================
newz.bot agent start: 2025-11-19T05:00:56-08:00
Working directory: /home/pierce/projects/newz-bot
Node version: v23.9.0
Launching XMTP agent (tail -f /home/pierce/projects/newz-bot/newzbot.log to monitor)...
[2025-11-19T13:00:57.011Z] Using existing key at /home/pierce/projects/newz-bot/newzbot.key
[2025-11-19T13:00:57.011Z] Using existing key at /home/pierce/projects/newz-bot/newzbot.key
[2025-11-19T13:00:57.584Z] Starting newzbot XMTP agent (runtime)...
[2025-11-19T13:00:57.584Z] Starting newzbot XMTP agent (runtime)...
[2025-11-19T13:00:57.585Z] XMTP environment: production
[2025-11-19T13:00:57.585Z] XMTP environment: production
[2025-11-19T13:00:58.036Z] Agent error (attempt 1): api client error api client at endpoint "get_inbox_ids" has error status: 'Some resource has been exhausted', self: "1 exceeds rate limit R50.126.86.250DEF", metadata: {"content-type": "application/grpc"}. Backing off for approximately 135s before retrying.
[2025-11-19T13:00:58.036Z] Agent error (attempt 1): api client error api client at endpoint "get_inbox_ids" has error status: 'Some resource has been exhausted', self: "1 exceeds rate limit R50.126.86.250DEF", metadata: {"content-type": "application/grpc"}. Backing off for approximately 135s before retrying.
============================================================
newz.bot agent start: 2025-11-19T05:02:23-08:00
Working directory: /home/pierce/projects/newz-bot
Node version: v23.9.0
Launching XMTP agent (tail -f /home/pierce/projects/newz-bot/newzbot.log to monitor)...
[2025-11-19T13:02:23.234Z] Using existing key at /home/pierce/projects/newz-bot/newzbot.key
[2025-11-19T13:02:23.234Z] Using existing key at /home/pierce/projects/newz-bot/newzbot.key
[2025-11-19T13:02:23.568Z] Starting newzbot XMTP agent (runtime)...
[2025-11-19T13:02:23.568Z] Starting newzbot XMTP agent (runtime)...
[2025-11-19T13:02:23.568Z] XMTP environment: production
[2025-11-19T13:02:23.568Z] XMTP environment: production
[2025-11-19T13:02:24.002Z] Agent error (attempt 1): api client error api client at endpoint "get_inbox_ids" has error status: 'Some resource has been exhausted', self: "1 exceeds rate limit R50.126.86.250DEF", metadata: {"content-type": "application/grpc"}. Backing off for approximately 125s before retrying.
[2025-11-19T13:02:24.002Z] Agent error (attempt 1): api client error api client at endpoint "get_inbox_ids" has error status: 'Some resource has been exhausted', self: "1 exceeds rate limit R50.126.86.250DEF", metadata: {"content-type": "application/grpc"}. Backing off for approximately 125s before retrying.
[2025-11-19T13:04:29.296Z] Starting newzbot XMTP agent (runtime)...
[2025-11-19T13:04:29.296Z] Starting newzbot XMTP agent (runtime)...
[2025-11-19T13:04:29.296Z] XMTP environment: production
[2025-11-19T13:04:29.296Z] XMTP environment: production
[2025-11-19T13:04:31.292Z] Agent online. Address: 0x2c90da19047d182662738291e64423a7e5b9548d
[2025-11-19T13:04:31.292Z] Agent online. Address: 0x2c90da19047d182662738291e64423a7e5b9548d
[2025-11-19T13:04:31.292Z] Agent has started; entering feed loop.
[2025-11-19T13:04:31.292Z] Agent has started; entering feed loop.
[2025-11-19T13:04:31.292Z] Starting feed loop. intervalMs=60000
[2025-11-19T13:04:31.292Z] Starting feed loop. intervalMs=60000
[2025-11-19T13:05:31.305Z] Found 5 new DB items but no subscriber; skipping send.
[2025-11-19T13:05:31.305Z] Found 5 new DB items but no subscriber; skipping send.
[2025-11-19T13:06:31.329Z] Found 5 new DB items but no subscriber; skipping send.
[2025-11-19T13:06:31.329Z] Found 5 new DB items but no subscriber; skipping send.
[2025-11-19T13:07:31.338Z] Found 5 new DB items but no subscriber; skipping send.
[2025-11-19T13:07:31.338Z] Found 5 new DB items but no subscriber; skipping send.
[2025-11-19T13:08:31.398Z] Found 5 new DB items but no subscriber; skipping send.
[2025-11-19T13:08:31.398Z] Found 5 new DB items but no subscriber; skipping send.
============================================================
newz.bot agent start: 2025-11-19T05:09:20-08:00
Working directory: /home/pierce/projects/newz-bot
Node version: v23.9.0
Launching XMTP agent (tail -f /home/pierce/projects/newz-bot/newzbot.log to monitor)...
[2025-11-19T13:09:21.031Z] Using existing key at /home/pierce/projects/newz-bot/newzbot.key
[2025-11-19T13:09:21.031Z] Using existing key at /home/pierce/projects/newz-bot/newzbot.key
[2025-11-19T13:09:21.370Z] Starting newzbot XMTP agent (runtime)...
[2025-11-19T13:09:21.370Z] Starting newzbot XMTP agent (runtime)...
[2025-11-19T13:09:21.370Z] XMTP environment: production
[2025-11-19T13:09:21.370Z] XMTP environment: production
[2025-11-19T13:09:23.060Z] Agent online. Address: 0x2c90da19047d182662738291e64423a7e5b9548d
[2025-11-19T13:09:23.060Z] Agent online. Address: 0x2c90da19047d182662738291e64423a7e5b9548d
[2025-11-19T13:09:23.060Z] Agent has started; entering feed loop.
[2025-11-19T13:09:23.060Z] Agent has started; entering feed loop.
[2025-11-19T13:09:23.060Z] Starting feed loop. intervalMs=60000
[2025-11-19T13:09:23.060Z] Starting feed loop. intervalMs=60000
============================================================
newz.bot agent start: 2025-11-19T05:09:32-08:00
Working directory: /home/pierce/projects/newz-bot
Node version: v23.9.0
Launching XMTP agent (tail -f /home/pierce/projects/newz-bot/newzbot.log to monitor)...
[2025-11-19T13:09:32.530Z] Using existing key at /home/pierce/projects/newz-bot/newzbot.key
[2025-11-19T13:09:32.530Z] Using existing key at /home/pierce/projects/newz-bot/newzbot.key
[2025-11-19T13:09:32.859Z] Starting newzbot XMTP agent (runtime)...
[2025-11-19T13:09:32.859Z] Starting newzbot XMTP agent (runtime)...
[2025-11-19T13:09:32.859Z] XMTP environment: production
[2025-11-19T13:09:32.859Z] XMTP environment: production
[2025-11-19T13:09:34.525Z] Agent online. Address: 0x2c90da19047d182662738291e64423a7e5b9548d
[2025-11-19T13:09:34.525Z] Agent online. Address: 0x2c90da19047d182662738291e64423a7e5b9548d
[2025-11-19T13:09:34.526Z] Agent has started; entering feed loop.
[2025-11-19T13:09:34.526Z] Agent has started; entering feed loop.
[2025-11-19T13:09:34.526Z] Starting feed loop. intervalMs=60000
[2025-11-19T13:09:34.526Z] Starting feed loop. intervalMs=60000
[2025-11-19T13:10:34.529Z] Found 5 new DB items but no subscriber; skipping send.
[2025-11-19T13:10:34.529Z] Found 5 new DB items but no subscriber; skipping send.
[2025-11-19T13:11:34.561Z] Found 5 new DB items but no subscriber; skipping send.
[2025-11-19T13:11:34.561Z] Found 5 new DB items but no subscriber; skipping send.
[2025-11-19T13:12:34.616Z] Found 5 new DB items but no subscriber; skipping send.
[2025-11-19T13:12:34.616Z] Found 5 new DB items but no subscriber; skipping send.
[2025-11-19T13:13:34.677Z] Found 5 new DB items but no subscriber; skipping send.
[2025-11-19T13:13:34.677Z] Found 5 new DB items but no subscriber; skipping send.
[2025-11-19T13:14:34.737Z] Found 5 new DB items but no subscriber; skipping send.
[2025-11-19T13:14:34.737Z] Found 5 new DB items but no subscriber; skipping send.
[2025-11-19T13:15:34.793Z] Found 5 new DB items but no subscriber; skipping send.
[2025-11-19T13:15:34.793Z] Found 5 new DB items but no subscriber; skipping send.
[2025-11-19T13:16:34.798Z] Found 5 new DB items but no subscriber; skipping send.
[2025-11-19T13:16:34.798Z] Found 5 new DB items but no subscriber; skipping send.
[2025-11-19T13:17:34.859Z] Found 5 new DB items but no subscriber; skipping send.
[2025-11-19T13:17:34.859Z] Found 5 new DB items but no subscriber; skipping send.
[2025-11-19T13:18:34.920Z] Found 5 new DB items but no subscriber; skipping send.
[2025-11-19T13:18:34.920Z] Found 5 new DB items but no subscriber; skipping send.
============================================================
newz.bot collector run: 2025-11-19T05:19:13-08:00
Working directory: /home/pierce/projects/newz-bot
Node version: v23.9.0
[2025-11-19T13:19:13.476Z] [collector] Starting collection for 10 feed(s).
[2025-11-19T13:19:13.476Z] [collector] Starting collection for 10 feed(s).
[2025-11-19T13:19:13.477Z] [collector] Collecting from feed: http://feeds.bbci.co.uk/news/world/rss.xml
[2025-11-19T13:19:13.477Z] [collector] Collecting from feed: http://feeds.bbci.co.uk/news/world/rss.xml
[2025-11-19T13:19:13.717Z] [collector] Feed http://feeds.bbci.co.uk/news/world/rss.xml: 30 items seen, 0 new in DB.
[2025-11-19T13:19:13.717Z] [collector] Feed http://feeds.bbci.co.uk/news/world/rss.xml: 30 items seen, 0 new in DB.
[2025-11-19T13:19:13.717Z] [collector] Collecting from feed: https://feeds.npr.org/1001/rss.xml
[2025-11-19T13:19:13.717Z] [collector] Collecting from feed: https://feeds.npr.org/1001/rss.xml
[2025-11-19T13:19:13.845Z] [collector] Feed https://feeds.npr.org/1001/rss.xml: 10 items seen, 0 new in DB.
[2025-11-19T13:19:13.845Z] [collector] Feed https://feeds.npr.org/1001/rss.xml: 10 items seen, 0 new in DB.
[2025-11-19T13:19:13.845Z] [collector] Collecting from feed: https://feeds.reuters.com/reuters/worldNews
[2025-11-19T13:19:13.845Z] [collector] Collecting from feed: https://feeds.reuters.com/reuters/worldNews
[2025-11-19T13:19:13.881Z] [collector] Error collecting from https://feeds.reuters.com/reuters/worldNews: getaddrinfo ENOTFOUND feeds.reuters.com
[2025-11-19T13:19:13.881Z] [collector] Error collecting from https://feeds.reuters.com/reuters/worldNews: getaddrinfo ENOTFOUND feeds.reuters.com
[2025-11-19T13:19:13.882Z] [collector] Collecting from feed: https://feeds.skynews.com/feeds/rss/world.xml
[2025-11-19T13:19:13.882Z] [collector] Collecting from feed: https://feeds.skynews.com/feeds/rss/world.xml
[2025-11-19T13:19:14.391Z] [collector] Feed https://feeds.skynews.com/feeds/rss/world.xml: 10 items seen, 0 new in DB.
[2025-11-19T13:19:14.391Z] [collector] Feed https://feeds.skynews.com/feeds/rss/world.xml: 10 items seen, 0 new in DB.
[2025-11-19T13:19:14.391Z] [collector] Collecting from feed: https://hnrss.org/frontpage
[2025-11-19T13:19:14.391Z] [collector] Collecting from feed: https://hnrss.org/frontpage
[2025-11-19T13:19:14.851Z] [collector] Feed https://hnrss.org/frontpage: 20 items seen, 4 new in DB.
[2025-11-19T13:19:14.851Z] [collector] Feed https://hnrss.org/frontpage: 20 items seen, 4 new in DB.
[2025-11-19T13:19:14.852Z] [collector] Collecting from feed: https://rss.apnews.com/apf-topnews
[2025-11-19T13:19:14.852Z] [collector] Collecting from feed: https://rss.apnews.com/apf-topnews
[2025-11-19T13:19:14.898Z] [collector] Error collecting from https://rss.apnews.com/apf-topnews: getaddrinfo ENOTFOUND rss.apnews.com
[2025-11-19T13:19:14.898Z] [collector] Error collecting from https://rss.apnews.com/apf-topnews: getaddrinfo ENOTFOUND rss.apnews.com
[2025-11-19T13:19:14.898Z] [collector] Collecting from feed: https://rss.dw.com/rdf/rss-en-world
[2025-11-19T13:19:14.898Z] [collector] Collecting from feed: https://rss.dw.com/rdf/rss-en-world
[2025-11-19T13:19:15.532Z] [collector] Feed https://rss.dw.com/rdf/rss-en-world: 11 items seen, 0 new in DB.
[2025-11-19T13:19:15.532Z] [collector] Feed https://rss.dw.com/rdf/rss-en-world: 11 items seen, 0 new in DB.
[2025-11-19T13:19:15.532Z] [collector] Collecting from feed: https://www.aljazeera.com/xml/rss/all.xml
[2025-11-19T13:19:15.532Z] [collector] Collecting from feed: https://www.aljazeera.com/xml/rss/all.xml
[2025-11-19T13:19:15.624Z] [collector] Feed https://www.aljazeera.com/xml/rss/all.xml: 25 items seen, 6 new in DB.
[2025-11-19T13:19:15.624Z] [collector] Feed https://www.aljazeera.com/xml/rss/all.xml: 25 items seen, 6 new in DB.
[2025-11-19T13:19:15.624Z] [collector] Collecting from feed: https://www.cbc.ca/cmlink/rss-topstories
[2025-11-19T13:19:15.624Z] [collector] Collecting from feed: https://www.cbc.ca/cmlink/rss-topstories
[2025-11-19T13:19:15.868Z] [collector] Feed https://www.cbc.ca/cmlink/rss-topstories: 20 items seen, 0 new in DB.
[2025-11-19T13:19:15.868Z] [collector] Feed https://www.cbc.ca/cmlink/rss-topstories: 20 items seen, 0 new in DB.
[2025-11-19T13:19:15.869Z] [collector] Collecting from feed: https://www.theguardian.com/world/rss
[2025-11-19T13:19:15.869Z] [collector] Collecting from feed: https://www.theguardian.com/world/rss
[2025-11-19T13:19:16.460Z] [collector] Feed https://www.theguardian.com/world/rss: 45 items seen, 2 new in DB.
[2025-11-19T13:19:16.460Z] [collector] Feed https://www.theguardian.com/world/rss: 45 items seen, 2 new in DB.
[2025-11-19T13:19:16.460Z] [collector] Collection complete. Total new items: 12.
[2025-11-19T13:19:16.460Z] [collector] Collection complete. Total new items: 12.
[2025-11-19T13:19:34.981Z] Found 5 new DB items but no subscriber; skipping send.
[2025-11-19T13:19:34.981Z] Found 5 new DB items but no subscriber; skipping send.
[2025-11-19T13:20:35.042Z] Found 5 new DB items but no subscriber; skipping send.
[2025-11-19T13:20:35.042Z] Found 5 new DB items but no subscriber; skipping send.
[2025-11-19T13:21:35.104Z] Found 5 new DB items but no subscriber; skipping send.
[2025-11-19T13:21:35.104Z] Found 5 new DB items but no subscriber; skipping send.
[2025-11-19T13:22:35.165Z] Found 5 new DB items but no subscriber; skipping send.
[2025-11-19T13:22:35.165Z] Found 5 new DB items but no subscriber; skipping send.
[2025-11-19T13:23:35.226Z] Found 5 new DB items but no subscriber; skipping send.
[2025-11-19T13:23:35.226Z] Found 5 new DB items but no subscriber; skipping send.
[2025-11-19T13:24:35.287Z] Found 5 new DB items but no subscriber; skipping send.
[2025-11-19T13:24:35.287Z] Found 5 new DB items but no subscriber; skipping send.
[2025-11-19T13:25:35.348Z] Found 5 new DB items but no subscriber; skipping send.
[2025-11-19T13:25:35.348Z] Found 5 new DB items but no subscriber; skipping send.
============================================================
newz.bot agent start: 2025-11-19T05:26:16-08:00
Working directory: /home/pierce/projects/newz-bot
Node version: v23.9.0
Launching XMTP agent (tail -f /home/pierce/projects/newz-bot/newzbot.log to monitor)...
[2025-11-19T13:26:16.184Z] Using existing key at /home/pierce/projects/newz-bot/newzbot.key
[2025-11-19T13:26:16.184Z] Using existing key at /home/pierce/projects/newz-bot/newzbot.key
[2025-11-19T13:26:16.715Z] Starting newzbot XMTP agent (runtime)...
[2025-11-19T13:26:16.715Z] Starting newzbot XMTP agent (runtime)...
[2025-11-19T13:26:16.715Z] XMTP environment: production
[2025-11-19T13:26:16.715Z] XMTP environment: production
[2025-11-19T13:26:18.475Z] Agent online. Address: 0x2c90da19047d182662738291e64423a7e5b9548d
[2025-11-19T13:26:18.475Z] Agent online. Address: 0x2c90da19047d182662738291e64423a7e5b9548d
[2025-11-19T13:26:18.476Z] Agent has started; entering feed loop.
[2025-11-19T13:26:18.476Z] Agent has started; entering feed loop.
[2025-11-19T13:26:18.476Z] Starting feed loop. intervalMs=60000
[2025-11-19T13:26:18.476Z] Starting feed loop. intervalMs=60000
[2025-11-19T13:27:18.537Z] Found 5 new DB items but no subscriber; skipping send.
[2025-11-19T13:27:18.537Z] Found 5 new DB items but no subscriber; skipping send.
[2025-11-19T13:28:18.597Z] Found 5 new DB items but no subscriber; skipping send.
[2025-11-19T13:28:18.597Z] Found 5 new DB items but no subscriber; skipping send.
============================================================
newz.bot agent start: 2025-11-19T05:28:50-08:00
Working directory: /home/pierce/projects/newz-bot
Node version: v23.9.0
Launching XMTP agent (tail -f /home/pierce/projects/newz-bot/newzbot.log to monitor)...
[2025-11-19T13:28:50.345Z] Using existing key at /home/pierce/projects/newz-bot/newzbot.key
[2025-11-19T13:28:50.870Z] Starting newzbot XMTP agent (runtime)...
[2025-11-19T13:28:50.870Z] XMTP environment: production
[2025-11-19T13:28:52.701Z] Agent online. Address: 0x2c90da19047d182662738291e64423a7e5b9548d
[2025-11-19T13:28:52.702Z] Agent has started; entering feed loop.
[2025-11-19T13:28:52.702Z] Starting feed loop. intervalMs=60000
[2025-11-19T13:29:52.762Z] Found 5 new DB items but no subscriber; skipping send.
[2025-11-19T13:30:52.823Z] Found 5 new DB items but no subscriber; skipping send.
[2025-11-19T13:31:52.884Z] Found 5 new DB items but no subscriber; skipping send.
[2025-11-19T13:32:52.920Z] Found 5 new DB items but no subscriber; skipping send.
[2025-11-19T13:33:52.981Z] Found 5 new DB items but no subscriber; skipping send.
[2025-11-19T13:34:53.043Z] Found 5 new DB items but no subscriber; skipping send.
[2025-11-19T13:35:53.104Z] Found 5 new DB items but no subscriber; skipping send.
[2025-11-19T13:36:53.115Z] Found 5 new DB items but no subscriber; skipping send.
[2025-11-19T13:37:53.127Z] Found 5 new DB items but no subscriber; skipping send.
[2025-11-19T13:38:53.187Z] Found 5 new DB items but no subscriber; skipping send.
[2025-11-19T13:39:53.234Z] Found 5 new DB items but no subscriber; skipping send.
[2025-11-19T13:40:53.254Z] Found 5 new DB items but no subscriber; skipping send.
============================================================
newz.bot agent start: 2025-11-19T05:41:15-08:00
Working directory: /home/pierce/projects/newz-bot
Node version: v23.9.0
Launching XMTP agent (tail -f /home/pierce/projects/newz-bot/newzbot.log to monitor)...
[2025-11-19T13:41:15.626Z] Using existing key at /home/pierce/projects/newz-bot/newzbot.key
[2025-11-19T13:41:16.177Z] Starting newzbot XMTP agent (runtime)...
[2025-11-19T13:41:16.177Z] XMTP environment: production
[2025-11-19T13:41:17.903Z] Agent online. Address: 0x2c90da19047d182662738291e64423a7e5b9548d
[2025-11-19T13:41:17.903Z] Agent has started; entering feed loop.
[2025-11-19T13:41:19.019Z] Sent startup notification to owner at 0x267CD9E9563BfadDe4eAA534cA8cE9BB77BC9249.
[2025-11-19T13:41:19.020Z] Starting feed loop. intervalMs=60000
[2025-11-19T13:42:19.055Z] Found 5 new DB items but no subscriber; skipping send.
[2025-11-19T13:43:19.117Z] Found 5 new DB items but no subscriber; skipping send.
[2025-11-19T13:44:19.119Z] Found 5 new DB items but no subscriber; skipping send.
[2025-11-19T13:45:19.181Z] Found 5 new DB items but no subscriber; skipping send.
[2025-11-19T13:46:19.201Z] Found 5 new DB items but no subscriber; skipping send.
[2025-11-19T13:47:19.262Z] Found 5 new DB items but no subscriber; skipping send.
[2025-11-19T13:48:19.322Z] Found 5 new DB items but no subscriber; skipping send.
[2025-11-19T13:49:19.383Z] Found 5 new DB items but no subscriber; skipping send.
[2025-11-19T13:50:19.399Z] Found 5 new DB items but no subscriber; skipping send.
[2025-11-19T13:51:19.460Z] Found 5 new DB items but no subscriber; skipping send.
============================================================
newz.bot agent start: 2025-11-19T05:51:28-08:00
Working directory: /home/pierce/projects/newz-bot
Node version: v23.9.0
Launching XMTP agent (tail -f /home/pierce/projects/newz-bot/newzbot.log to monitor)...
[2025-11-19T13:51:28.395Z] Using existing key at /home/pierce/projects/newz-bot/newzbot.key
[2025-11-19T13:51:28.891Z] Starting newzbot XMTP agent (runtime)...
[2025-11-19T13:51:28.891Z] XMTP environment: production
[2025-11-19T13:51:30.649Z] Agent online. Address: 0x2c90da19047d182662738291e64423a7e5b9548d
[2025-11-19T13:51:30.650Z] Agent has started; entering feed loop.
[2025-11-19T13:51:31.198Z] Sent startup notification to owner at 0x267CD9E9563BfadDe4eAA534cA8cE9BB77BC9249.
[2025-11-19T13:51:31.199Z] Starting feed loop. intervalMs=60000
[2025-11-19T13:52:18.580Z] Received non-command message: "awesome"
[2025-11-19T13:52:31.219Z] Found 5 new DB items but no subscriber; skipping send.
[2025-11-19T13:53:31.233Z] Found 5 new DB items but no subscriber; skipping send.
[2025-11-19T13:54:31.294Z] Found 5 new DB items but no subscriber; skipping send.
[2025-11-19T13:55:31.355Z] Found 5 new DB items but no subscriber; skipping send.
[2025-11-19T13:55:31.755Z] Received non-command message: "/list"
[2025-11-19T13:56:31.407Z] Found 5 new DB items but no subscriber; skipping send.
[2025-11-19T13:57:31.467Z] Found 5 new DB items but no subscriber; skipping send.
[2025-11-19T13:58:31.528Z] Found 5 new DB items but no subscriber; skipping send.
[2025-11-19T13:59:31.589Z] Found 5 new DB items but no subscriber; skipping send.
[2025-11-19T14:00:31.650Z] Found 5 new DB items but no subscriber; skipping send.
============================================================
newz.bot agent start: 2025-11-19T06:01:25-08:00
Working directory: /home/pierce/projects/newz-bot
Node version: v23.9.0
Launching XMTP agent (tail -f /home/pierce/projects/newz-bot/newzbot.log to monitor)...
[2025-11-19T14:01:25.169Z] Using existing key at /home/pierce/projects/newz-bot/newzbot.key
[2025-11-19T14:01:27.862Z] Resolved owner "deanpierce.eth" to address 0x7ab874eeef0169ada0d225e9801a3ffffa26aac3.
[2025-11-19T14:01:28.003Z] Starting newzbot XMTP agent (runtime)...
[2025-11-19T14:01:28.003Z] XMTP environment: production
[2025-11-19T14:01:29.776Z] Agent online. Address: 0x2c90da19047d182662738291e64423a7e5b9548d
[2025-11-19T14:01:29.777Z] Agent has started; entering feed loop.
[2025-11-19T14:01:30.430Z] Sent startup notification to owner at 0x7ab874eeef0169ada0d225e9801a3ffffa26aac3.
[2025-11-19T14:01:30.431Z] Starting feed loop. intervalMs=60000
[2025-11-19T14:02:30.493Z] Found 5 new DB items but no subscriber; skipping send.
[2025-11-19T14:03:30.502Z] Found 5 new DB items but no subscriber; skipping send.
[2025-11-19T14:04:30.504Z] Found 5 new DB items but no subscriber; skipping send.
[2025-11-19T14:05:18.606Z] Received non-command message: "hi"
[2025-11-19T14:05:30.511Z] Found 5 new DB items but no subscriber; skipping send.
[2025-11-19T14:06:30.513Z] Found 5 new DB items but no subscriber; skipping send.
[2025-11-19T14:07:30.564Z] Found 5 new DB items but no subscriber; skipping send.
[2025-11-19T14:08:11.935Z] /reload requested by owner 0x7ab874eeef0169ada0d225e9801a3ffffa26aac3; running git pull.
[2025-11-19T14:08:11.950Z] git pull stderr:
error: cannot pull with rebase: You have unstaged changes.
error: Please commit or stash them.
[2025-11-19T14:08:11.951Z] git pull failed: Command failed: git pull --rebase
error: cannot pull with rebase: You have unstaged changes.
error: Please commit or stash them.

[2025-11-19T14:08:30.583Z] Found 5 new DB items but no subscriber; skipping send.
